
> khashika@0.1.0 build
> next build

[baseline-browser-mapping] The data in this module is over two months old.  To ensure accurate Baseline data, please update: `npm i baseline-browser-mapping@latest -D`
   ▲ Next.js 16.0.3 (Turbopack)
   - Environments: .env.local

 ⚠ The "middleware" file convention is deprecated. Please use "proxy" instead. Learn more: https://nextjs.org/docs/messages/middleware-to-proxy
   Creating an optimized production build ...
[baseline-browser-mapping] The data in this module is over two months old.  To ensure accurate Baseline data, please update: `npm i baseline-browser-mapping@latest -D`
 ✓ Compiled successfully in 2.8s
   Running TypeScript ...
   Collecting page data using 7 workers ...
[baseline-browser-mapping] The data in this module is over two months old.  To ensure accurate Baseline data, please update: `npm i baseline-browser-mapping@latest -D`
[baseline-browser-mapping] The data in this module is over two months old.  To ensure accurate Baseline data, please update: `npm i baseline-browser-mapping@latest -D`
[baseline-browser-mapping] The data in this module is over two months old.  To ensure accurate Baseline data, please update: `npm i baseline-browser-mapping@latest -D`
[baseline-browser-mapping] The data in this module is over two months old.  To ensure accurate Baseline data, please update: `npm i baseline-browser-mapping@latest -D`
[baseline-browser-mapping] The data in this module is over two months old.  To ensure accurate Baseline data, please update: `npm i baseline-browser-mapping@latest -D`
[baseline-browser-mapping] The data in this module is over two months old.  To ensure accurate Baseline data, please update: `npm i baseline-browser-mapping@latest -D`
[baseline-browser-mapping] The data in this module is over two months old.  To ensure accurate Baseline data, please update: `npm i baseline-browser-mapping@latest -D`
   Generating static pages using 7 workers (0/8) ...
[baseline-browser-mapping] The data in this module is over two months old.  To ensure accurate Baseline data, please update: `npm i baseline-browser-mapping@latest -D`
   Generating static pages using 7 workers (2/8) 
   Generating static pages using 7 workers (4/8) 
✅ Utilisation de products-ultimate.json (catalogue migré)
   Generating static pages using 7 workers (6/8) 
 ✓ Generating static pages using 7 workers (8/8) in 326.7ms
   Finalizing page optimization ...

Route (app)
┌ ƒ /_not-found
├ ƒ /[locale]
├ ƒ /[locale]/admin
├ ƒ /[locale]/boutique
├ ƒ /[locale]/checkout
├ ƒ /[locale]/checkout/success
├ ƒ /[locale]/contact
├ ƒ /[locale]/legal/cgv
├ ƒ /[locale]/legal/mentions-legales
├ ƒ /[locale]/legal/politique-de-confidentialite
├ ƒ /[locale]/login
├ ƒ /[locale]/product/[slug]
├ ƒ /[locale]/shop
├ ƒ /[locale]/story
├ ƒ /api/cart
├ ƒ /api/chat
├ ƒ /api/products
├ ƒ /api/search
└ ƒ /boutique


ƒ Proxy (Middleware)

ƒ  (Dynamic)  server-rendered on demand

